// Vitest Snapshot v1, https://vitest.dev/guide/snapshot.html

exports[`component Container.vue > should render correctly 1`] = `"<div class="container"></div>"`;
